--------------------------------------------------------------------------------------
Timing Analyzer Summary
--------------------------------------------------------------------------------------

Type           : Worst-case tsu
Slack          : N/A
Required Time  : None
Actual Time    : 19.083 ns
From           : instruction[8]
To             : 4bit_register:inst5|inst1
From Clock     : --
To Clock       : instruction[5]
Failed Paths   : 0

Type           : Worst-case tco
Slack          : N/A
Required Time  : None
Actual Time    : 26.047 ns
From           : 4bit_register:inst7|inst3
To             : mul_a_in[0]
From Clock     : clock
To Clock       : --
Failed Paths   : 0

Type           : Worst-case tpd
Slack          : N/A
Required Time  : None
Actual Time    : 29.140 ns
From           : instruction[8]
To             : a_contents[2]
From Clock     : --
To Clock       : --
Failed Paths   : 0

Type           : Worst-case th
Slack          : N/A
Required Time  : None
Actual Time    : 9.513 ns
From           : reg_select_overide
To             : 4bit_register:inst7|inst
From Clock     : --
To Clock       : clock
Failed Paths   : 0

Type           : Clock Setup: 'clock'
Slack          : N/A
Required Time  : None
Actual Time    : 96.80 MHz ( period = 10.331 ns )
From           : instruction_decode:inst1|mul_decode:inst2|inst2
To             : instruction_decode:inst1|mul_decode:inst2|inst26
From Clock     : clock
To Clock       : clock
Failed Paths   : 0

Type           : Clock Setup: 'instruction[5]'
Slack          : N/A
Required Time  : None
Actual Time    : 149.79 MHz ( period = 6.676 ns )
From           : 4bit_register:inst7|inst
To             : 4bit_register:inst5|inst
From Clock     : instruction[5]
To Clock       : instruction[5]
Failed Paths   : 0

Type           : Clock Setup: 'instruction[4]'
Slack          : N/A
Required Time  : None
Actual Time    : 149.84 MHz ( period = 6.674 ns )
From           : 4bit_register:inst7|inst
To             : 4bit_register:inst5|inst
From Clock     : instruction[4]
To Clock       : instruction[4]
Failed Paths   : 0

Type           : Clock Hold: 'clock'
Slack          : Not operational: Clock Skew > Data Delay
Required Time  : None
Actual Time    : N/A
From           : instruction_decode:inst1|mul_decode:inst2|inst26
To             : instruction_decode:inst1|mul_decode:inst2|inst45
From Clock     : clock
To Clock       : clock
Failed Paths   : 53

Type           : Clock Hold: 'instruction[5]'
Slack          : Not operational: Clock Skew > Data Delay
Required Time  : None
Actual Time    : N/A
From           : 4bit_register:inst5|inst3
To             : 4bit_register:inst7|inst3
From Clock     : instruction[5]
To Clock       : instruction[5]
Failed Paths   : 8

Type           : Clock Hold: 'instruction[4]'
Slack          : Not operational: Clock Skew > Data Delay
Required Time  : None
Actual Time    : N/A
From           : 4bit_register:inst5|inst3
To             : 4bit_register:inst7|inst3
From Clock     : instruction[4]
To Clock       : instruction[4]
Failed Paths   : 8

Type           : Total number of failed paths
Slack          : 
Required Time  : 
Actual Time    : 
From           : 
To             : 
From Clock     : 
To Clock       : 
Failed Paths   : 69

--------------------------------------------------------------------------------------

